// Jest Snapshot v1, https://goo.gl/fbAQLP

exports[`getData Test axios 1`] = `
[
  1,
  2,
  3,
]
`;
